Compiling lib\main.dart for the Web...                          
flutter : Target dart2js failed: 
ProcessException: Process exited 
abnormally with exit code 1:
At line:1 char:1
+ flutter build web > build_output.txt 
2>&1
+ 
~~~~~~~~~~~~~~~~~~~~~~~~~~~~~~~~~~~~~~~~~
    + CategoryInfo          : NotSpecifi 
   ed: (Target dart2js ...th exit code   
  1::String) [], RemoteException
    + FullyQualifiedErrorId : NativeComm 
   andError
 
lib/features/expenses/data/repositories/f
irebase_expense_repository.dart:1:8:
Error: Error when reading 'lib/features/e
xpenses/auth/domain/repositories/auth_rep
ository.dart': Error reading 'lib/feature
s/expenses/auth/domain/repositories/auth_
repository.dart'  (The system cannot 
find the path specified.
)
import '../../auth/domain/repositories/au
th_repository.dart';
       ^
lib/features/expenses/data/repositories/f
irebase_expense_repository.dart:2:8:
Error: Error when reading 'lib/features/e
xpenses/expenses/domain/entities/expense.
dart': Error reading 'lib/features/expens
es/expenses/domain/entities/expense.dart'
  (The system cannot find the path 
specified.
)
import '../../expenses/domain/entities/ex
pense.dart';
       ^
lib/features/expenses/data/repositories/f
irebase_expense_repository.dart:3:8:
Error: Error when reading 'lib/features/e
xpenses/expenses/domain/repositories/expe
nse_repository.dart': Error reading 'lib/
features/expenses/expenses/domain/reposit
ories/expense_repository.dart'  (The 
system cannot find the path specified.
)
import '../../expenses/domain/repositorie
s/expense_repository.dart';
       ^
lib/features/expenses/domain/services/exp
ense_service.dart:2:8:
Error: Error when reading 'lib/features/c
ore/notifications/notification_service.da
rt': Error reading 'lib/features/core/not
ifications/notification_service.dart'  
(The system cannot find the path 
specified.
)
import '../../../core/notifications/notif
ication_service.dart';
       ^
lib/features/main_navigation/presentation
/pages/main_navigation_page.dart:4:8:
Error: Error when reading 'lib/features/m
ain_navigation/dashboard/presentation/pag
es/dashboard_page.dart': Error reading 'l
ib/features/main_navigation/dashboard/pre
sentation/pages/dashboard_page.dart'  
(The system cannot find the path 
specified.
)
import '../../dashboard/presentation/page
s/dashboard_page.dart';
       ^
lib/features/main_navigation/presentation
/pages/main_navigation_page.dart:5:8:
Error: Error when reading 'lib/features/m
ain_navigation/transactions/presentation/
pages/transactions_page.dart': Error 
reading 'lib/features/main_navigation/tra
nsactions/presentation/pages/transactions
_page.dart'  (The system cannot find the 
path specified.
)
import '../../transactions/presentation/p
ages/transactions_page.dart';
       ^
lib/features/main_navigation/presentation
/pages/main_navigation_page.dart:6:8:
Error: Error when reading 'lib/features/m
ain_navigation/accounts/presentation/page
s/accounts_page.dart': Error reading 'lib
/features/main_navigation/accounts/presen
tation/pages/accounts_page.dart'  (The 
system cannot find the path specified.
)
import '../../accounts/presentation/pages
/accounts_page.dart';
       ^
lib/features/main_navigation/presentation
/pages/main_navigation_page.dart:7:8:
Error: Error when reading 'lib/features/m
ain_navigation/insights/presentation/page
s/insights_page.dart': Error reading 'lib
/features/main_navigation/insights/presen
tation/pages/insights_page.dart'  (The 
system cannot find the path specified.
)
import '../../insights/presentation/pages
/insights_page.dart';
       ^
lib/features/main_navigation/presentation
/pages/main_navigation_page.dart:8:8:
Error: Error when reading 'lib/features/m
ain_navigation/settings/presentation/page
s/settings_page.dart': Error reading 'lib
/features/main_navigation/settings/presen
tation/pages/settings_page.dart'  (The 
system cannot find the path specified.
)
import '../../settings/presentation/pages
/settings_page.dart';
       ^
lib/features/settings/presentation/pages/
settings_page.dart:3:8:
Error: Error when reading 'lib/features/s
ettings/auth/presentation/providers/auth_
provider.dart': Error reading 'lib/featur
es/settings/auth/presentation/providers/a
uth_provider.dart'  (The system cannot 
find the path specified.
)
import '../../auth/presentation/providers
/auth_provider.dart';
       ^
lib/features/expenses/presentation/pages/
add_expense_page.dart:7:8:
Error: Error when reading 'lib/features/e
xpenses/presentation/services/expense_ser
vice.dart': Error reading 'lib/features/e
xpenses/presentation/services/expense_ser
vice.dart'  (The system cannot find the 
path specified.
)
import 
'../services/expense_service.dart';
       ^
lib/features/expenses/presentation/provid
ers/add_expense_provider.dart:3:8:
Error: Error when reading 'lib/features/e
xpenses/presentation/services/expense_ser
vice.dart': Error reading 'lib/features/e
xpenses/presentation/services/expense_ser
vice.dart'  (The system cannot find the 
path specified.
)
import 
'../services/expense_service.dart';
       ^
lib/features/expenses/presentation/pages/
add_expense_page.dart:10:8:
Error: Error when reading 'lib/features/e
xpenses/categories/domain/repositories/ca
tegory_repository.dart': Error reading 'l
ib/features/expenses/categories/domain/re
positories/category_repository.dart'  
(The system cannot find the path 
specified.
)
import '../../categories/domain/repositor
ies/category_repository.dart';
       ^
lib/features/expenses/presentation/provid
ers/add_expense_provider.dart:6:8:
Error: Error when reading 'lib/features/e
xpenses/categories/domain/repositories/ca
tegory_repository.dart': Error reading 'l
ib/features/expenses/categories/domain/re
positories/category_repository.dart'  
(The system cannot find the path 
specified.
)
import '../../categories/domain/repositor
ies/category_repository.dart';
       ^
lib/features/expenses/presentation/pages/
add_expense_page.dart:11:8:
Error: Error when reading 'lib/features/e
xpenses/accounts/domain/repositories/acco
unt_repository.dart': Error reading 'lib/
features/expenses/accounts/domain/reposit
ories/account_repository.dart'  (The 
system cannot find the path specified.
)
import '../../accounts/domain/repositorie
s/account_repository.dart';
       ^
lib/features/expenses/presentation/provid
ers/add_expense_provider.dart:7:8:
Error: Error when reading 'lib/features/e
xpenses/accounts/domain/repositories/acco
unt_repository.dart': Error reading 'lib/
features/expenses/accounts/domain/reposit
ories/account_repository.dart'  (The 
system cannot find the path specified.
)
import '../../accounts/domain/repositorie
s/account_repository.dart';
       ^
lib/features/expenses/presentation/provid
ers/add_expense_provider.dart:4:8:
Error: Error when reading 'lib/features/e
xpenses/categories/domain/entities/catego
ry.dart': Error reading 'lib/features/exp
enses/categories/domain/entities/category
.dart'  (The system cannot find the path 
specified.
)
import '../../categories/domain/entities/
category.dart';
       ^
lib/features/expenses/presentation/provid
ers/add_expense_provider.dart:5:8:
Error: Error when reading 'lib/features/e
xpenses/accounts/domain/entities/account.
dart': Error reading 'lib/features/expens
es/accounts/domain/entities/account.dart'
  (The system cannot find the path 
specified.
)
import '../../accounts/domain/entities/ac
count.dart';
       ^
lib/features/expenses/data/repositories/f
irebase_expense_repository.dart:6:48:
Error: Type 'ExpenseRepository' not 
found.
class FirebaseExpenseRepositoryImpl 
implements ExpenseRepository {
                                         
      ^^^^^^^^^^^^^^^^^
lib/features/expenses/data/repositories/f
irebase_expense_repository.dart:8:9:
Error: Type 'AuthRepository' not found.
  final AuthRepository _authRepository;
        ^^^^^^^^^^^^^^
lib/features/expenses/data/repositories/f
irebase_expense_repository.dart:19:27:
Error: Type 'Expense' not found.
  Future<void> addExpense(Expense 
expense) {
                          ^^^^^^^
lib/features/expenses/data/repositories/f
irebase_expense_repository.dart:24:30:
Error: Type 'Expense' not found.
  Future<void> updateExpense(Expense 
expense) {
                             ^^^^^^^
lib/features/expenses/data/repositories/f
irebase_expense_repository.dart:34:10:
Error: Type 'Expense' not found.
  Future<Expense?> getExpenseById(String 
id) {
         ^^^^^^^
lib/features/expenses/data/repositories/f
irebase_expense_repository.dart:40:15:
Error: Type 'Expense' not found.
  Future<List<Expense>> getExpenses() 
async {
              ^^^^^^^
lib/features/expenses/data/repositories/f
irebase_expense_repository.dart:46:15:
Error: Type 'Expense' not found.
  Stream<List<Expense>> watchExpenses() {
              ^^^^^^^
lib/features/expenses/domain/services/exp
ense_service.dart:9:9:
Error: Type 'NotificationService' not 
found.
  final NotificationService 
_notificationService;
        ^^^^^^^^^^^^^^^^^^^
lib/features/expenses/presentation/provid
ers/add_expense_provider.dart:10:9:
Error: Type 'ExpenseService' not found.
  final ExpenseService _service;
        ^^^^^^^^^^^^^^
lib/features/expenses/presentation/provid
ers/add_expense_provider.dart:11:9:
Error: Type 'CategoryRepository' not 
found.
  final CategoryRepository _categoryRepo;
        ^^^^^^^^^^^^^^^^^^
lib/features/expenses/presentation/provid
ers/add_expense_provider.dart:12:9:
Error: Type 'AccountRepository' not 
found.
  final AccountRepository _accountRepo;
        ^^^^^^^^^^^^^^^^^
lib/features/expenses/presentation/provid
ers/add_expense_provider.dart:25:8:
Error: Type 'Category' not found.
  List<Category> _categories = [];
       ^^^^^^^^
lib/features/expenses/presentation/provid
ers/add_expense_provider.dart:26:8:
Error: Type 'Account' not found.
  List<Account> _accounts = [];
       ^^^^^^^
lib/features/expenses/presentation/provid
ers/add_expense_provider.dart:35:8:
Error: Type 'Category' not found.
  List<Category> get categories => 
_categories;
       ^^^^^^^^
lib/features/expenses/presentation/provid
ers/add_expense_provider.dart:36:8:
Error: Type 'Account' not found.
  List<Account> get accounts => 
_accounts;
       ^^^^^^^
lib/features/categories/data/repositories
/firestore_category_repository.dart:6:7:
Error: The non-abstract class 
'FirestoreCategoryRepository' is missing 
implementations for these members:
 - CategoryRepository.addCategory
 - CategoryRepository.deleteCategory
 - CategoryRepository.getCategoryById
 - CategoryRepository.updateCategory
class FirestoreCategoryRepository 
implements CategoryRepository {
      ^^^^^^^^^^^^^^^^^^^^^^^^^^^
lib/features/categories/domain/repositori
es/category_repository.dart:4:16:
Info: 'CategoryRepository.addCategory' 
is defined here.
  Future<void> addCategory(Category 
category);
               ^^^^^^^^^^^
lib/features/categories/domain/repositori
es/category_repository.dart:6:16:
Info: 
'CategoryRepository.deleteCategory' is 
defined here.
  Future<void> deleteCategory(String id);
               ^^^^^^^^^^^^^^
lib/features/categories/domain/repositori
es/category_repository.dart:7:21:
Info: 
'CategoryRepository.getCategoryById' is 
defined here.
  Future<Category?> 
getCategoryById(String id);
                    ^^^^^^^^^^^^^^^
lib/features/categories/domain/repositori
es/category_repository.dart:5:16:
Info: 
'CategoryRepository.updateCategory' is 
defined here.
  Future<void> updateCategory(Category 
category);
               ^^^^^^^^^^^^^^
lib/features/accounts/data/repositories/f
irestore_account_repository.dart:6:7:
Error: The non-abstract class 
'FirestoreAccountRepository' is missing 
implementations for these members:
 - AccountRepository.addAccount
 - AccountRepository.deleteAccount
 - AccountRepository.getAccountById
 - AccountRepository.updateAccount
 - AccountRepository.updateAccountBalance
class FirestoreAccountRepository 
implements AccountRepository {
      ^^^^^^^^^^^^^^^^^^^^^^^^^^
lib/features/accounts/domain/repositories
/account_repository.dart:4:16:
Info: 'AccountRepository.addAccount' is 
defined here.
  Future<void> addAccount(Account 
account);
               ^^^^^^^^^^
lib/features/accounts/domain/repositories
/account_repository.dart:6:16:
Info: 'AccountRepository.deleteAccount' 
is defined here.
  Future<void> deleteAccount(String id);
               ^^^^^^^^^^^^^
lib/features/accounts/domain/repositories
/account_repository.dart:7:20:
Info: 'AccountRepository.getAccountById' 
is defined here.
  Future<Account?> getAccountById(String 
id);
                   ^^^^^^^^^^^^^^
lib/features/accounts/domain/repositories
/account_repository.dart:5:16:
Info: 'AccountRepository.updateAccount' 
is defined here.
  Future<void> updateAccount(Account 
account);
               ^^^^^^^^^^^^^
lib/features/accounts/domain/repositories
/account_repository.dart:9:16:
Info: 
'AccountRepository.updateAccountBalance' 
is defined here.
  Future<void> 
updateAccountBalance(String id, double 
newBalance);
               ^^^^^^^^^^^^^^^^^^^^
lib/main.dart:77:36:
Error: A value of type 
'FirebaseExpenseRepositoryImpl' can't be 
returned from a function with return 
type 'ExpenseRepository'.
 - 'FirebaseExpenseRepositoryImpl' is 
from 'package:xpenso/features/expenses/da
ta/repositories/firebase_expense_reposito
ry.dart' ('lib/features/expenses/data/rep
ositories/firebase_expense_repository.dar
t').
 - 'ExpenseRepository' is from 'package:x
penso/features/expenses/domain/repositori
es/expense_repository.dart' ('lib/feature
s/expenses/domain/repositories/expense_re
pository.dart').
          update: (_, auth, __) => Fireba
seExpenseRepositoryImpl(expenseDataSource
, auth),
                                   ^
lib/main.dart:97:66:
Error: The getter 'notificationService' 
isn't defined for the class 'XpensoApp'.
 - 'XpensoApp' is from 
'package:xpenso/main.dart' 
('lib/main.dart').
            final service = 
ExpenseService(expenseRepo, catRepo, 
notificationService);
                                         
                        
^^^^^^^^^^^^^^^^^^^
lib/features/expenses/data/repositories/f
irebase_expense_repository.dart:8:9:
Error: 'AuthRepository' isn't a type.
  final AuthRepository _authRepository;
        ^^^^^^^^^^^^^^
lib/features/expenses/data/repositories/f
irebase_expense_repository.dart:19:27:
Error: 'Expense' isn't a type.
  Future<void> addExpense(Expense 
expense) {
                          ^^^^^^^
lib/features/expenses/data/repositories/f
irebase_expense_repository.dart:24:30:
Error: 'Expense' isn't a type.
  Future<void> updateExpense(Expense 
expense) {
                             ^^^^^^^
lib/features/expenses/domain/services/exp
ense_service.dart:9:9:
Error: 'NotificationService' isn't a 
type.
  final NotificationService 
_notificationService;
        ^^^^^^^^^^^^^^^^^^^
lib/features/main_navigation/presentation
/pages/main_navigation_page.dart:21:5:
Error: Method not found: 'DashboardPage'.
    DashboardPage(),
    ^^^^^^^^^^^^^
lib/features/main_navigation/presentation
/pages/main_navigation_page.dart:22:5:
Error: Method not found: 
'TransactionsPage'.
    TransactionsPage(),
    ^^^^^^^^^^^^^^^^
lib/features/main_navigation/presentation
/pages/main_navigation_page.dart:23:5:
Error: Method not found: 'AccountsPage'.
    AccountsPage(),
    ^^^^^^^^^^^^
lib/features/main_navigation/presentation
/pages/main_navigation_page.dart:24:5:
Error: Method not found: 'InsightsPage'.
    InsightsPage(),
    ^^^^^^^^^^^^
lib/features/main_navigation/presentation
/pages/main_navigation_page.dart:25:5:
Error: Method not found: 'SettingsPage'.
    SettingsPage(),
    ^^^^^^^^^^^^
lib/features/dashboard/presentation/pages
/dashboard_page.dart:53:26:
Error: 'AuthProvider' isn't a type.
                Consumer<AuthProvider>(
                         ^^^^^^^^^^^^
lib/features/dashboard/presentation/pages
/dashboard_page.dart:55:26:
Error: The getter 'currentUser' isn't 
defined for the class 'Object?'.
 - 'Object' is from 'dart:core'.
                    auth.currentUser?.dis
playName?.toUpperCase() ?? 'USER',
                         ^^^^^^^^^^^
lib/features/insights/presentation/pages/
insights_page.dart:89:22:
Error: Not a constant expression.
                 if (provider.totalSpent 
> 0) ... [
                     ^^^^^^^^
lib/features/settings/presentation/pages/
settings_page.dart:187:31:
Error: 'AuthProvider' isn't a type.
                  
Provider.of<AuthProvider>(context, 
listen: false).signOut().then((_) {
                              
^^^^^^^^^^^^
lib/features/expenses/presentation/pages/
add_expense_page.dart:20:21:
Error: 'ExpenseService' isn't a type.
        
Provider.of<ExpenseService>(context, 
listen: false),
                    ^^^^^^^^^^^^^^
lib/features/expenses/presentation/pages/
add_expense_page.dart:21:21:
Error: 'CategoryRepository' isn't a type.
        
Provider.of<CategoryRepository>(context, 
listen: false),
                    ^^^^^^^^^^^^^^^^^^
lib/features/expenses/presentation/pages/
add_expense_page.dart:22:21:
Error: 'AccountRepository' isn't a type.
        
Provider.of<AccountRepository>(context, 
listen: false),
                    ^^^^^^^^^^^^^^^^^
lib/features/expenses/presentation/pages/
add_expense_page.dart:47:33:
Error: The getter 'reset' isn't defined 
for the class 'AddExpenseProvider'.
 - 'AddExpenseProvider' is from 'package:
xpenso/features/expenses/presentation/pro
viders/add_expense_provider.dart' ('lib/f
eatures/expenses/presentation/providers/a
dd_expense_provider.dart').
            onPressed: provider.reset,
                                ^^^^^
lib/features/expenses/presentation/pages/
add_expense_page.dart:220:37:
Error: The getter 'id' isn't defined for 
the class 'Object?'.
 - 'Object' is from 'dart:core'.
                           value: e.id,
                                    ^^
lib/features/expenses/presentation/pages/
add_expense_page.dart:238:43:
Error: The getter 'name' isn't defined 
for the class 'Object?'.
 - 'Object' is from 'dart:core'.
                                   
Text(e.name, style: const 
TextStyle(fontWeight: FontWeight.w600, 
fontSize: 14)),
                                         
 ^^^^
lib/features/expenses/presentation/pages/
add_expense_page.dart:243:29:
Error: The argument type 'List<dynamic>' 
can't be assigned to the parameter type 
'List<DropdownMenuItem<String>>?'.
 - 'List' is from 'dart:core'.
 - 'DropdownMenuItem' is from 'package:fl
utter/src/material/dropdown.dart' ('/C:/F
lutter/src/packages/flutter/lib/src/mater
ial/dropdown.dart').
                         )).toList(),
                            ^
lib/features/expenses/presentation/provid
ers/add_expense_provider.dart:10:9:
Error: 'ExpenseService' isn't a type.
  final ExpenseService _service;
        ^^^^^^^^^^^^^^
lib/features/expenses/presentation/provid
ers/add_expense_provider.dart:11:9:
Error: 'CategoryRepository' isn't a type.
  final CategoryRepository _categoryRepo;
        ^^^^^^^^^^^^^^^^^^
lib/features/expenses/presentation/provid
ers/add_expense_provider.dart:12:9:
Error: 'AccountRepository' isn't a type.
  final AccountRepository _accountRepo;
        ^^^^^^^^^^^^^^^^^
lib/features/expenses/presentation/provid
ers/add_expense_provider.dart:25:8:
Error: 'Category' isn't a type.
  List<Category> _categories = [];
       ^^^^^^^^
lib/features/expenses/presentation/provid
ers/add_expense_provider.dart:26:8:
Error: 'Account' isn't a type.
  List<Account> _accounts = [];
       ^^^^^^^
/C:/Users/DELL/AppData/Local/Pub/Cache/ho
sted/pub.dev/fl_chart-1.1.0/lib/src/chart
/base/custom_interactive_viewer.dart:419:
9:
Error: The method 'translateByDouble' 
isn't defined for the class 'Matrix4'.
 - 'Matrix4' is from 'package:vector_math
/vector_math_64.dart' ('/C:/Users/DELL/Ap
pData/Local/Pub/Cache/hosted/pub.dev/vect
or_math-2.1.4/lib/vector_math_64.dart').
      ..translateByDouble(
        ^^^^^^^^^^^^^^^^^
/C:/Users/DELL/AppData/Local/Pub/Cache/ho
sted/pub.dev/fl_chart-1.1.0/lib/src/chart
/base/custom_interactive_viewer.dart:534:
9:
Error: The method 'scaleByDouble' isn't 
defined for the class 'Matrix4'.
 - 'Matrix4' is from 'package:vector_math
/vector_math_64.dart' ('/C:/Users/DELL/Ap
pData/Local/Pub/Cache/hosted/pub.dev/vect
or_math-2.1.4/lib/vector_math_64.dart').
      ..scaleByDouble(clampedScale, 
clampedScale, clampedScale, 1);
        ^^^^^^^^^^^^^
/C:/Users/DELL/AppData/Local/Pub/Cache/ho
sted/pub.dev/fl_chart-1.1.0/lib/src/chart
/base/custom_interactive_viewer.dart:1114
:7:
Error: The method 'translateByDouble' 
isn't defined for the class 'Matrix4'.
 - 'Matrix4' is from 'package:vector_math
/vector_math_64.dart' ('/C:/Users/DELL/Ap
pData/Local/Pub/Cache/hosted/pub.dev/vect
or_math-2.1.4/lib/vector_math_64.dart').
    ..translateByDouble(rect.size.width 
/ 2, rect.size.height / 2, 0, 1)
      ^^^^^^^^^^^^^^^^^
/C:/Users/DELL/AppData/Local/Pub/Cache/ho
sted/pub.dev/fl_chart-1.1.0/lib/src/chart
/base/custom_interactive_viewer.dart:1116
:7:
Error: The method 'translateByDouble' 
isn't defined for the class 'Matrix4'.
 - 'Matrix4' is from 'package:vector_math
/vector_math_64.dart' ('/C:/Users/DELL/Ap
pData/Local/Pub/Cache/hosted/pub.dev/vect
or_math-2.1.4/lib/vector_math_64.dart').
    ..translateByDouble(-rect.size.width 
/ 2, -rect.size.height / 2, 0, 1);
      ^^^^^^^^^^^^^^^^^
Error: Compilation failed.
  Command: C:\Flutter\src\bin\cache\dart-
sdk\bin\dart.exe compile js --platform-bi
naries=C:\Flutter\src\bin\cache\flutter_w
eb_sdk\kernel --invoker=flutter_tool 
-Ddart.vm.product=true 
-DFLUTTER_VERSION=3.32.6 
-DFLUTTER_CHANNEL=stable -DFLUTTER_GIT_UR
L=https://github.com/flutter/flutter.git 
-DFLUTTER_FRAMEWORK_REVISION=077b4a4ce1 
-DFLUTTER_ENGINE_REVISION=72f2b18bb0 
-DFLUTTER_DART_VERSION=3.8.1 
-DFLUTTER_WEB_USE_SKIA=true 
-DFLUTTER_WEB_USE_SKWASM=false -DFLUTTER_
WEB_CANVASKIT_URL=https://www.gstatic.com
/flutter-canvaskit/72f2b18bb094f92f62a311
3a8075240ebb59affa/ 
--native-null-assertions 
--no-source-maps -o D:\internship-5\Xpens
o\.dart_tool\flutter_build\11618cbf3829a5
6a5a8c5b49d46dd9fe\app.dill --packages=D:
\internship-5\Xpenso\.dart_tool\package_c
onfig.json --cfe-only D:\internship-5\Xpe
nso\.dart_tool\flutter_build\11618cbf3829
a56a5a8c5b49d46dd9fe\main.dart
#0      RunResult.throwException (package
:flutter_tools/src/base/process.dart:118:
5)
#1      _DefaultProcessUtils.run (package
:flutter_tools/src/base/process.dart:344:
19)
<asynchronous suspension>
Compiling lib\main.dart for the Web...                             30.7s
#2      Dart2JSTarget.build (package:flut
ter_tools/src/build_system/targets/web.da
rt:201:5)
<asynchronous suspension>
#3      _BuildInstance._invokeInternal (p
ackage:flutter_tools/src/build_system/bui
ld_system.dart:873:9)
<asynchronous suspension>
#4      Future.wait.<anonymous closure> 
(dart:async/future.dart:525:21)
<asynchronous suspension>
#5      _BuildInstance.invokeTarget (pack
age:flutter_tools/src/build_system/build_
system.dart:811:32)
<asynchronous suspension>
#6      Future.wait.<anonymous closure> 
(dart:async/future.dart:525:21)
<asynchronous suspension>
#7      _BuildInstance.invokeTarget (pack
age:flutter_tools/src/build_system/build_
system.dart:811:32)
<asynchronous suspension>
#8      FlutterBuildSystem.build (package
:flutter_tools/src/build_system/build_sys
tem.dart:629:16)
<asynchronous suspension>
#9      WebBuilder.buildWeb (package:flut
ter_tools/src/web/compile.dart:91:34)
<asynchronous suspension>
#10     BuildWebCommand.runCommand (packa
ge:flutter_tools/src/commands/build_web.d
art:246:5)
<asynchronous suspension>
#11     FlutterCommand.run.<anonymous 
closure> (package:flutter_tools/src/runne
r/flutter_command.dart:1563:27)
<asynchronous suspension>
#12     AppContext.run.<anonymous 
closure> (package:flutter_tools/src/base/
context.dart:154:19)
<asynchronous suspension>
#13     CommandRunner.runCommand 
(package:args/command_runner.dart:212:13)
<asynchronous suspension>
#14     FlutterCommandRunner.runCommand.<
anonymous closure> (package:flutter_tools
/src/runner/flutter_command_runner.dart:4
94:9)
<asynchronous suspension>
#15     AppContext.run.<anonymous 
closure> (package:flutter_tools/src/base/
context.dart:154:19)
<asynchronous suspension>
#16     FlutterCommandRunner.runCommand (
package:flutter_tools/src/runner/flutter_
command_runner.dart:431:5)
<asynchronous suspension>
#17     run.<anonymous 
closure>.<anonymous closure> 
(package:flutter_tools/runner.dart:98:11)
<asynchronous suspension>
#18     AppContext.run.<anonymous 
closure> (package:flutter_tools/src/base/
context.dart:154:19)
<asynchronous suspension>
#19     main (package:flutter_tools/execu
table.dart:102:3)
<asynchronous suspension>

Error: Failed to compile application for 
the Web.
